[debug] [2025-10-19T17:29:28.438Z] ----------------------------------------------------------------------
[debug] [2025-10-19T17:29:28.441Z] Command:       /Users/ievak/.nvm/versions/node/v20.17.0/bin/node /Users/ievak/.nvm/versions/node/v20.17.0/bin/firebase functions:shell
[debug] [2025-10-19T17:29:28.442Z] CLI Version:   14.20.0
[debug] [2025-10-19T17:29:28.442Z] Platform:      darwin
[debug] [2025-10-19T17:29:28.442Z] Node Version:  v20.17.0
[debug] [2025-10-19T17:29:28.442Z] Time:          Sun Oct 19 2025 20:29:28 GMT+0300 (Eastern European Summer Time)
[debug] [2025-10-19T17:29:28.442Z] ----------------------------------------------------------------------
[debug] 
[debug] [2025-10-19T17:29:28.640Z] > command requires scopes: ["email","openid","https://www.googleapis.com/auth/cloudplatformprojects.readonly","https://www.googleapis.com/auth/firebase","https://www.googleapis.com/auth/cloud-platform"]
[debug] [2025-10-19T17:29:28.641Z] > authorizing via signed-in user (ieva.krisciunaite94@gmail.com)
[debug] [2025-10-19T17:29:28.641Z] [iam] checking project happy-tomato for permissions ["firebase.projects.get"]
[debug] [2025-10-19T17:29:28.642Z] Checked if tokens are valid: true, expires at: 1760897029827
[debug] [2025-10-19T17:29:28.642Z] Checked if tokens are valid: true, expires at: 1760897029827
[debug] [2025-10-19T17:29:28.643Z] >>> [apiv2][query] POST https://cloudresourcemanager.googleapis.com/v1/projects/happy-tomato:testIamPermissions [none]
[debug] [2025-10-19T17:29:28.644Z] >>> [apiv2][(partial)header] POST https://cloudresourcemanager.googleapis.com/v1/projects/happy-tomato:testIamPermissions x-goog-quota-user=projects/happy-tomato
[debug] [2025-10-19T17:29:28.644Z] >>> [apiv2][body] POST https://cloudresourcemanager.googleapis.com/v1/projects/happy-tomato:testIamPermissions {"permissions":["firebase.projects.get"]}
[debug] [2025-10-19T17:29:29.504Z] <<< [apiv2][status] POST https://cloudresourcemanager.googleapis.com/v1/projects/happy-tomato:testIamPermissions 200
[debug] [2025-10-19T17:29:29.504Z] <<< [apiv2][body] POST https://cloudresourcemanager.googleapis.com/v1/projects/happy-tomato:testIamPermissions {"permissions":["firebase.projects.get"]}
[debug] [2025-10-19T17:29:29.505Z] Emulator locator file path: /var/folders/yf/xtghhrlj1d3cp31rmjhgd6p40000gn/T/hub-happy-tomato.json
[warn] ⚠  functions: Functions Emulator unable to start on port 5000, starting on 5003 instead. {"metadata":{"emulator":{"name":"functions"},"message":"Functions Emulator unable to start on port 5000, starting on 5003 instead."}}
[debug] [2025-10-19T17:29:30.963Z] [functions] Functions Emulator only supports listening on one address (127.0.0.1). Not listening on ::1
[warn] ⚠  functions: Application Default Credentials detected. Non-emulated services will access production using these credentials. Be careful! {"metadata":{"emulator":{"name":"functions"},"message":"Application Default Credentials detected. Non-emulated services will access production using these credentials. Be careful!"}}
[debug] [2025-10-19T17:29:30.967Z] Checked if tokens are valid: true, expires at: 1760897029827
[debug] [2025-10-19T17:29:30.967Z] Checked if tokens are valid: true, expires at: 1760897029827
[debug] [2025-10-19T17:29:30.967Z] >>> [apiv2][query] GET https://firebase.googleapis.com/v1beta1/projects/happy-tomato/adminSdkConfig [none]
[debug] [2025-10-19T17:29:31.251Z] <<< [apiv2][status] GET https://firebase.googleapis.com/v1beta1/projects/happy-tomato/adminSdkConfig 200
[debug] [2025-10-19T17:29:31.251Z] <<< [apiv2][body] GET https://firebase.googleapis.com/v1beta1/projects/happy-tomato/adminSdkConfig {"projectId":"happy-tomato","storageBucket":"happy-tomato.firebasestorage.app"}
[debug] [2025-10-19T17:29:31.283Z] [functions] Watching "/Users/ievak/happy-tomato/functions" for Cloud Functions...
[debug] [2025-10-19T17:29:31.288Z] Validating nodejs source
[warn] ⚠  functions: package.json indicates an outdated version of firebase-functions. Please upgrade using npm install --save firebase-functions@latest in your functions directory. 
[warn] ⚠  functions: Please note that there will be breaking changes when you upgrade. 
[debug] [2025-10-19T17:29:32.082Z] > [functions] package.json contents: {
  "name": "functions",
  "description": "Cloud Functions for Firebase",
  "scripts": {
    "lint": "eslint .",
    "serve": "firebase emulators:start --only functions",
    "shell": "firebase functions:shell",
    "start": "npm run shell",
    "deploy": "firebase deploy --only functions",
    "logs": "firebase functions:log"
  },
  "engines": {
    "node": "18"
  },
  "main": "index.js",
  "dependencies": {
    "firebase-admin": "^12.0.0",
    "firebase-functions": "^5.0.0",
    "@emailjs/nodejs": "^4.0.0",
    "dayjs": "^1.11.10"
  },
  "devDependencies": {
    "eslint": "^8.15.0",
    "eslint-config-google": "^0.14.0",
    "firebase-functions-test": "^3.1.0"
  },
  "private": true
}
[debug] [2025-10-19T17:29:32.082Z] Building nodejs source
[debug] [2025-10-19T17:29:32.082Z] Failed to find version of module node: reached end of search path /Users/ievak/happy-tomato/functions/node_modules
[warn] ⚠  functions: Your requested "node" version "18" doesn't match your global version "20". Using node@20 from host. 
[debug] [2025-10-19T17:29:32.085Z] Could not find functions.yaml. Must use http discovery
[debug] [2025-10-19T17:29:32.093Z] Found firebase-functions binary at '/Users/ievak/happy-tomato/functions/node_modules/.bin/firebase-functions'
[info] Serving at port 8944

[debug] [2025-10-19T17:29:32.772Z] Got response from /__/functions.yaml {"endpoints":{"sendDailyReminders":{"platform":"gcfv1","availableMemoryMb":null,"timeoutSeconds":null,"minInstances":null,"maxInstances":null,"ingressSettings":null,"serviceAccountEmail":null,"vpc":null,"scheduleTrigger":{"schedule":"0 * * * *","retryConfig":{"retryCount":null,"maxDoublings":null,"maxRetryDuration":null,"maxBackoffDuration":null,"minBackoffDuration":null},"timeZone":"America/New_York"},"labels":{},"entryPoint":"sendDailyReminders"},"sendAdvanceReminders":{"platform":"gcfv1","availableMemoryMb":null,"timeoutSeconds":null,"minInstances":null,"maxInstances":null,"ingressSettings":null,"serviceAccountEmail":null,"vpc":null,"scheduleTrigger":{"schedule":"0 * * * *","retryConfig":{"retryCount":null,"maxDoublings":null,"maxRetryDuration":null,"maxBackoffDuration":null,"minBackoffDuration":null},"timeZone":"America/New_York"},"labels":{},"entryPoint":"sendAdvanceReminders"}},"specVersion":"v1alpha1","requiredAPIs":[{"api":"cloudscheduler.googleapis.com","reason":"Needed for scheduled functions."}],"extensions":{}}
[debug] [2025-10-19T17:29:37.802Z] [functions] Loaded functions definitions from source: sendDailyReminders, sendAdvanceReminders.
[debug] [2025-10-19T17:29:37.802Z] [functions[us-central1-sendDailyReminders]] function ignored because the pubsub emulator does not exist or is not running.
[debug] [2025-10-19T17:29:37.803Z] [functions[us-central1-sendAdvanceReminders]] function ignored because the pubsub emulator does not exist or is not running.
[info] i  functions: Loaded functions: sendDailyReminders, sendAdvanceReminders 
[warn] ⚠  functions: The following emulators are not running, calls to these services will affect production: firestore, database, pubsub, storage, eventarc, tasks 
[debug] [2025-10-19T17:29:48.933Z] shell:sendDailyReminders: trigger={"entryPoint":"sendDailyReminders","platform":"gcfv1","region":"us-central1","name":"sendDailyReminders","id":"us-central1-sendDailyReminders","codebase":"default","availableMemoryMb":256,"labels":{"EVENTARC_CLOUD_EVENT_SOURCE":"cloudfunctions-emulated.googleapis.com/projects/happy-tomato/locations/us-central1/functions/sendDailyReminders"},"timeoutSeconds":60,"secretEnvironmentVariables":[],"eventTrigger":{"eventType":"pubsub","resource":""},"schedule":{"schedule":"0 * * * *","timeZone":"America/New_York","retryConfig":{"maxBackoffSeconds":null,"minBackoffSeconds":null,"maxRetrySeconds":null,"retryCount":null,"maxDoublings":null}}}
[debug] [2025-10-19T17:29:48.933Z] shell:sendDailyReminders: opts={}, data={}
[debug] [2025-10-19T17:29:48.939Z] DEBUG: [worker-pool] addWorker(us-central1-sendDailyReminders)
[debug] [2025-10-19T17:29:48.939Z] DEBUG: [worker-pool] Adding worker with key us-central1-sendDailyReminders, total=1
[debug] [2025-10-19T17:29:50.290Z] DEBUG: [runtime-status] [60886] Resolved module firebase-admin {"declared":true,"installed":true,"version":"12.7.0","resolution":"/Users/ievak/happy-tomato/functions/node_modules/firebase-admin/lib/index.js"}
[debug] [2025-10-19T17:29:50.291Z] DEBUG: [runtime-status] [60886] Resolved module firebase-functions {"declared":true,"installed":true,"version":"5.1.1","resolution":"/Users/ievak/happy-tomato/functions/node_modules/firebase-functions/lib/v1/index.js"}
[debug] [2025-10-19T17:29:50.292Z] DEBUG: [runtime-status] [60886] Outgoing network have been stubbed. [{"name":"http","status":"mocked"},{"name":"http","status":"mocked"},{"name":"https","status":"mocked"},{"name":"https","status":"mocked"},{"name":"net","status":"mocked"}]
[debug] [2025-10-19T17:29:50.292Z] DEBUG: [runtime-status] [60886] Resolved module firebase-functions {"declared":true,"installed":true,"version":"5.1.1","resolution":"/Users/ievak/happy-tomato/functions/node_modules/firebase-functions/lib/v1/index.js"}
[debug] [2025-10-19T17:29:50.632Z] DEBUG: [runtime-status] [60886] Checked functions.config() {"config":{}}
[debug] [2025-10-19T17:29:50.632Z] DEBUG: [runtime-status] [60886] firebase-functions has been stubbed. {"functionsResolution":{"declared":true,"installed":true,"version":"5.1.1","resolution":"/Users/ievak/happy-tomato/functions/node_modules/firebase-functions/lib/v1/index.js"}}
[debug] [2025-10-19T17:29:50.632Z] DEBUG: [runtime-status] [60886] Resolved module firebase-functions {"declared":true,"installed":true,"version":"5.1.1","resolution":"/Users/ievak/happy-tomato/functions/node_modules/firebase-functions/lib/v1/index.js"}
[debug] [2025-10-19T17:29:50.633Z] DEBUG: [runtime-status] [60886] Resolved module firebase-admin {"declared":true,"installed":true,"version":"12.7.0","resolution":"/Users/ievak/happy-tomato/functions/node_modules/firebase-admin/lib/index.js"}
[debug] [2025-10-19T17:29:50.635Z] DEBUG: [runtime-status] [60886] Resolved module firebase-functions {"declared":true,"installed":true,"version":"5.1.1","resolution":"/Users/ievak/happy-tomato/functions/node_modules/firebase-functions/lib/v1/index.js"}
[debug] [2025-10-19T17:29:50.635Z] DEBUG: [runtime-status] [60886] firebase-admin has been stubbed. {"adminResolution":{"declared":true,"installed":true,"version":"12.7.0","resolution":"/Users/ievak/happy-tomato/functions/node_modules/firebase-admin/lib/index.js"}}
[debug] [2025-10-19T17:29:50.691Z] DEBUG: [runtime-status] [60886] initializeApp(DEFAULT) {"storageBucket":"happy-tomato.firebasestorage.app","projectId":"happy-tomato"}
[debug] [2025-10-19T17:29:50.696Z] DEBUG: [runtime-status] [60886] Functions runtime initialized. {"cwd":"/Users/ievak/happy-tomato/functions","node_version":"20.17.0"}
[debug] [2025-10-19T17:29:50.697Z] DEBUG: [runtime-status] [60886] Listening to port: /var/folders/yf/xtghhrlj1d3cp31rmjhgd6p40000gn/T/fire_emu_7793078e4a6bf0e0.sock
[debug] [2025-10-19T17:29:50.767Z] DEBUG: [worker-us-central1-sendDailyReminders-e3d0dabd-01b9-439a-a365-cad165976ef8]: IDLE
[debug] [2025-10-19T17:29:50.784Z] DEBUG: [runtime-status] [60886] RunBackground {"data":{},"context":{"eventId":"0749d71a-d301-4415-898c-b0814c08d06c","timestamp":"2025-10-19T17:29:48.933Z","eventType":"pubsub","auth":{"admin":false}}}
[info] >  🔍 Checking for daily reminders to send... {"user":"🔍 Checking for daily reminders to send...","metadata":{"emulator":{"name":"functions"},"function":{"name":"us-central1-sendDailyReminders"},"extension":{},"message":"\u001b[90m> \u001b[39m 🔍 Checking for daily reminders to send..."}}
[warn] ⚠  functions: The Cloud Firestore emulator is not running, so calls to Firestore will affect production. {"metadata":{"emulator":{"name":"functions"},"function":{"name":"us-central1-sendDailyReminders"},"extension":{},"message":"The Cloud Firestore emulator is not running, so calls to Firestore will affect production."}}
[info] >  ❌ Error in sendDailyReminders: Error: 16 UNAUTHENTICATED: Request had invalid authentication credentials. Expected OAuth 2 access token, login cookie or other valid authentication credential. See https://developers.google.com/identity/sign-in/web/devconsole-project. {"user":"❌ Error in sendDailyReminders: Error: 16 UNAUTHENTICATED: Request had invalid authentication credentials. Expected OAuth 2 access token, login cookie or other valid authentication credential. See https://developers.google.com/identity/sign-in/web/devconsole-project.","metadata":{"emulator":{"name":"functions"},"function":{"name":"us-central1-sendDailyReminders"},"extension":{},"message":"\u001b[90m> \u001b[39m ❌ Error in sendDailyReminders: Error: 16 UNAUTHENTICATED: Request had invalid authentication credentials. Expected OAuth 2 access token, login cookie or other valid authentication credential. See https://developers.google.com/identity/sign-in/web/devconsole-project."}}
[info] >      at callErrorFromStatus (/Users/ievak/happy-tomato/functions/node_modules/@grpc/grpc-js/build/src/call.js:32:19) {"user":"    at callErrorFromStatus (/Users/ievak/happy-tomato/functions/node_modules/@grpc/grpc-js/build/src/call.js:32:19)","metadata":{"emulator":{"name":"functions"},"function":{"name":"us-central1-sendDailyReminders"},"extension":{},"message":"\u001b[90m> \u001b[39m     at callErrorFromStatus (/Users/ievak/happy-tomato/functions/node_modules/@grpc/grpc-js/build/src/call.js:32:19)"}}
[info] >      at Object.onReceiveStatus (/Users/ievak/happy-tomato/functions/node_modules/@grpc/grpc-js/build/src/client.js:359:73) {"user":"    at Object.onReceiveStatus (/Users/ievak/happy-tomato/functions/node_modules/@grpc/grpc-js/build/src/client.js:359:73)","metadata":{"emulator":{"name":"functions"},"function":{"name":"us-central1-sendDailyReminders"},"extension":{},"message":"\u001b[90m> \u001b[39m     at Object.onReceiveStatus (/Users/ievak/happy-tomato/functions/node_modules/@grpc/grpc-js/build/src/client.js:359:73)"}}
[info] >      at Object.onReceiveStatus (/Users/ievak/happy-tomato/functions/node_modules/@grpc/grpc-js/build/src/client-interceptors.js:327:181) {"user":"    at Object.onReceiveStatus (/Users/ievak/happy-tomato/functions/node_modules/@grpc/grpc-js/build/src/client-interceptors.js:327:181)","metadata":{"emulator":{"name":"functions"},"function":{"name":"us-central1-sendDailyReminders"},"extension":{},"message":"\u001b[90m> \u001b[39m     at Object.onReceiveStatus (/Users/ievak/happy-tomato/functions/node_modules/@grpc/grpc-js/build/src/client-interceptors.js:327:181)"}}
[info] >      at /Users/ievak/happy-tomato/functions/node_modules/@grpc/grpc-js/build/src/resolving-call.js:135:78 {"user":"    at /Users/ievak/happy-tomato/functions/node_modules/@grpc/grpc-js/build/src/resolving-call.js:135:78","metadata":{"emulator":{"name":"functions"},"function":{"name":"us-central1-sendDailyReminders"},"extension":{},"message":"\u001b[90m> \u001b[39m     at /Users/ievak/happy-tomato/functions/node_modules/@grpc/grpc-js/build/src/resolving-call.js:135:78"}}
[info] >      at process.processTicksAndRejections (node:internal/process/task_queues:77:11) {"user":"    at process.processTicksAndRejections (node:internal/process/task_queues:77:11)","metadata":{"emulator":{"name":"functions"},"function":{"name":"us-central1-sendDailyReminders"},"extension":{},"message":"\u001b[90m> \u001b[39m     at process.processTicksAndRejections (node:internal/process/task_queues:77:11)"}}
[info] >  for call at {"user":"for call at","metadata":{"emulator":{"name":"functions"},"function":{"name":"us-central1-sendDailyReminders"},"extension":{},"message":"\u001b[90m> \u001b[39m for call at"}}
[info] >      at ServiceClientImpl.makeServerStreamRequest (/Users/ievak/happy-tomato/functions/node_modules/@grpc/grpc-js/build/src/client.js:342:32) {"user":"    at ServiceClientImpl.makeServerStreamRequest (/Users/ievak/happy-tomato/functions/node_modules/@grpc/grpc-js/build/src/client.js:342:32)","metadata":{"emulator":{"name":"functions"},"function":{"name":"us-central1-sendDailyReminders"},"extension":{},"message":"\u001b[90m> \u001b[39m     at ServiceClientImpl.makeServerStreamRequest (/Users/ievak/happy-tomato/functions/node_modules/@grpc/grpc-js/build/src/client.js:342:32)"}}
[info] >      at ServiceClientImpl.<anonymous> (/Users/ievak/happy-tomato/functions/node_modules/@grpc/grpc-js/build/src/make-client.js:105:19) {"user":"    at ServiceClientImpl.<anonymous> (/Users/ievak/happy-tomato/functions/node_modules/@grpc/grpc-js/build/src/make-client.js:105:19)","metadata":{"emulator":{"name":"functions"},"function":{"name":"us-central1-sendDailyReminders"},"extension":{},"message":"\u001b[90m> \u001b[39m     at ServiceClientImpl.<anonymous> (/Users/ievak/happy-tomato/functions/node_modules/@grpc/grpc-js/build/src/make-client.js:105:19)"}}
[info] >      at /Users/ievak/happy-tomato/functions/node_modules/@google-cloud/firestore/build/src/v1/firestore_client.js:242:33 {"user":"    at /Users/ievak/happy-tomato/functions/node_modules/@google-cloud/firestore/build/src/v1/firestore_client.js:242:33","metadata":{"emulator":{"name":"functions"},"function":{"name":"us-central1-sendDailyReminders"},"extension":{},"message":"\u001b[90m> \u001b[39m     at /Users/ievak/happy-tomato/functions/node_modules/@google-cloud/firestore/build/src/v1/firestore_client.js:242:33"}}
[info] >      at /Users/ievak/happy-tomato/functions/node_modules/google-gax/build/src/streamingCalls/streamingApiCaller.js:38:28 {"user":"    at /Users/ievak/happy-tomato/functions/node_modules/google-gax/build/src/streamingCalls/streamingApiCaller.js:38:28","metadata":{"emulator":{"name":"functions"},"function":{"name":"us-central1-sendDailyReminders"},"extension":{},"message":"\u001b[90m> \u001b[39m     at /Users/ievak/happy-tomato/functions/node_modules/google-gax/build/src/streamingCalls/streamingApiCaller.js:38:28"}}
[info] >      at /Users/ievak/happy-tomato/functions/node_modules/google-gax/build/src/normalCalls/timeout.js:44:16 {"user":"    at /Users/ievak/happy-tomato/functions/node_modules/google-gax/build/src/normalCalls/timeout.js:44:16","metadata":{"emulator":{"name":"functions"},"function":{"name":"us-central1-sendDailyReminders"},"extension":{},"message":"\u001b[90m> \u001b[39m     at /Users/ievak/happy-tomato/functions/node_modules/google-gax/build/src/normalCalls/timeout.js:44:16"}}
[info] >      at Object.request (/Users/ievak/happy-tomato/functions/node_modules/google-gax/build/src/streamingCalls/streaming.js:234:40) {"user":"    at Object.request (/Users/ievak/happy-tomato/functions/node_modules/google-gax/build/src/streamingCalls/streaming.js:234:40)","metadata":{"emulator":{"name":"functions"},"function":{"name":"us-central1-sendDailyReminders"},"extension":{},"message":"\u001b[90m> \u001b[39m     at Object.request (/Users/ievak/happy-tomato/functions/node_modules/google-gax/build/src/streamingCalls/streaming.js:234:40)"}}
[info] >      at makeRequest (/Users/ievak/happy-tomato/functions/node_modules/retry-request/index.js:159:28) {"user":"    at makeRequest (/Users/ievak/happy-tomato/functions/node_modules/retry-request/index.js:159:28)","metadata":{"emulator":{"name":"functions"},"function":{"name":"us-central1-sendDailyReminders"},"extension":{},"message":"\u001b[90m> \u001b[39m     at makeRequest (/Users/ievak/happy-tomato/functions/node_modules/retry-request/index.js:159:28)"}}
[info] >      at retryRequest (/Users/ievak/happy-tomato/functions/node_modules/retry-request/index.js:119:5) {"user":"    at retryRequest (/Users/ievak/happy-tomato/functions/node_modules/retry-request/index.js:119:5)","metadata":{"emulator":{"name":"functions"},"function":{"name":"us-central1-sendDailyReminders"},"extension":{},"message":"\u001b[90m> \u001b[39m     at retryRequest (/Users/ievak/happy-tomato/functions/node_modules/retry-request/index.js:119:5)"}}
[info] >      at StreamProxy.setStream (/Users/ievak/happy-tomato/functions/node_modules/google-gax/build/src/streamingCalls/streaming.js:225:37) {"user":"    at StreamProxy.setStream (/Users/ievak/happy-tomato/functions/node_modules/google-gax/build/src/streamingCalls/streaming.js:225:37)","metadata":{"emulator":{"name":"functions"},"function":{"name":"us-central1-sendDailyReminders"},"extension":{},"message":"\u001b[90m> \u001b[39m     at StreamProxy.setStream (/Users/ievak/happy-tomato/functions/node_modules/google-gax/build/src/streamingCalls/streaming.js:225:37)"}}
[info] >      at StreamingApiCaller.call (/Users/ievak/happy-tomato/functions/node_modules/google-gax/build/src/streamingCalls/streamingApiCaller.js:54:16) {"user":"    at StreamingApiCaller.call (/Users/ievak/happy-tomato/functions/node_modules/google-gax/build/src/streamingCalls/streamingApiCaller.js:54:16)","metadata":{"emulator":{"name":"functions"},"function":{"name":"us-central1-sendDailyReminders"},"extension":{},"message":"\u001b[90m> \u001b[39m     at StreamingApiCaller.call (/Users/ievak/happy-tomato/functions/node_modules/google-gax/build/src/streamingCalls/streamingApiCaller.js:54:16)"}}
[info] >  Caused by: Error {"user":"Caused by: Error","metadata":{"emulator":{"name":"functions"},"function":{"name":"us-central1-sendDailyReminders"},"extension":{},"message":"\u001b[90m> \u001b[39m Caused by: Error"}}
[info] >      at QueryUtil._getResponse (/Users/ievak/happy-tomato/functions/node_modules/@google-cloud/firestore/build/src/reference/query-util.js:44:23) {"user":"    at QueryUtil._getResponse (/Users/ievak/happy-tomato/functions/node_modules/@google-cloud/firestore/build/src/reference/query-util.js:44:23)","metadata":{"emulator":{"name":"functions"},"function":{"name":"us-central1-sendDailyReminders"},"extension":{},"message":"\u001b[90m> \u001b[39m     at QueryUtil._getResponse (/Users/ievak/happy-tomato/functions/node_modules/@google-cloud/firestore/build/src/reference/query-util.js:44:23)"}}
[info] >      at Query._getResponse (/Users/ievak/happy-tomato/functions/node_modules/@google-cloud/firestore/build/src/reference/query.js:784:32) {"user":"    at Query._getResponse (/Users/ievak/happy-tomato/functions/node_modules/@google-cloud/firestore/build/src/reference/query.js:784:32)","metadata":{"emulator":{"name":"functions"},"function":{"name":"us-central1-sendDailyReminders"},"extension":{},"message":"\u001b[90m> \u001b[39m     at Query._getResponse (/Users/ievak/happy-tomato/functions/node_modules/@google-cloud/firestore/build/src/reference/query.js:784:32)"}}
[info] >      at Query._get (/Users/ievak/happy-tomato/functions/node_modules/@google-cloud/firestore/build/src/reference/query.js:777:35) {"user":"    at Query._get (/Users/ievak/happy-tomato/functions/node_modules/@google-cloud/firestore/build/src/reference/query.js:777:35)","metadata":{"emulator":{"name":"functions"},"function":{"name":"us-central1-sendDailyReminders"},"extension":{},"message":"\u001b[90m> \u001b[39m     at Query._get (/Users/ievak/happy-tomato/functions/node_modules/@google-cloud/firestore/build/src/reference/query.js:777:35)"}}
[info] >      at /Users/ievak/happy-tomato/functions/node_modules/@google-cloud/firestore/build/src/reference/query.js:745:43 {"user":"    at /Users/ievak/happy-tomato/functions/node_modules/@google-cloud/firestore/build/src/reference/query.js:745:43","metadata":{"emulator":{"name":"functions"},"function":{"name":"us-central1-sendDailyReminders"},"extension":{},"message":"\u001b[90m> \u001b[39m     at /Users/ievak/happy-tomato/functions/node_modules/@google-cloud/firestore/build/src/reference/query.js:745:43"}}
[info] >      at /Users/ievak/happy-tomato/functions/node_modules/@google-cloud/firestore/build/src/telemetry/enabled-trace-util.js:110:30 {"user":"    at /Users/ievak/happy-tomato/functions/node_modules/@google-cloud/firestore/build/src/telemetry/enabled-trace-util.js:110:30","metadata":{"emulator":{"name":"functions"},"function":{"name":"us-central1-sendDailyReminders"},"extension":{},"message":"\u001b[90m> \u001b[39m     at /Users/ievak/happy-tomato/functions/node_modules/@google-cloud/firestore/build/src/telemetry/enabled-trace-util.js:110:30"}}
[info] >      at NoopContextManager.with (/Users/ievak/happy-tomato/functions/node_modules/@opentelemetry/api/build/src/context/NoopContextManager.js:25:19) {"user":"    at NoopContextManager.with (/Users/ievak/happy-tomato/functions/node_modules/@opentelemetry/api/build/src/context/NoopContextManager.js:25:19)","metadata":{"emulator":{"name":"functions"},"function":{"name":"us-central1-sendDailyReminders"},"extension":{},"message":"\u001b[90m> \u001b[39m     at NoopContextManager.with (/Users/ievak/happy-tomato/functions/node_modules/@opentelemetry/api/build/src/context/NoopContextManager.js:25:19)"}}
[info] >      at ContextAPI.with (/Users/ievak/happy-tomato/functions/node_modules/@opentelemetry/api/build/src/api/context.js:60:46) {"user":"    at ContextAPI.with (/Users/ievak/happy-tomato/functions/node_modules/@opentelemetry/api/build/src/api/context.js:60:46)","metadata":{"emulator":{"name":"functions"},"function":{"name":"us-central1-sendDailyReminders"},"extension":{},"message":"\u001b[90m> \u001b[39m     at ContextAPI.with (/Users/ievak/happy-tomato/functions/node_modules/@opentelemetry/api/build/src/api/context.js:60:46)"}}
[info] >      at NoopTracer.startActiveSpan (/Users/ievak/happy-tomato/functions/node_modules/@opentelemetry/api/build/src/trace/NoopTracer.js:65:31) {"user":"    at NoopTracer.startActiveSpan (/Users/ievak/happy-tomato/functions/node_modules/@opentelemetry/api/build/src/trace/NoopTracer.js:65:31)","metadata":{"emulator":{"name":"functions"},"function":{"name":"us-central1-sendDailyReminders"},"extension":{},"message":"\u001b[90m> \u001b[39m     at NoopTracer.startActiveSpan (/Users/ievak/happy-tomato/functions/node_modules/@opentelemetry/api/build/src/trace/NoopTracer.js:65:31)"}}
[info] >      at ProxyTracer.startActiveSpan (/Users/ievak/happy-tomato/functions/node_modules/@opentelemetry/api/build/src/trace/ProxyTracer.js:36:24) {"user":"    at ProxyTracer.startActiveSpan (/Users/ievak/happy-tomato/functions/node_modules/@opentelemetry/api/build/src/trace/ProxyTracer.js:36:24)","metadata":{"emulator":{"name":"functions"},"function":{"name":"us-central1-sendDailyReminders"},"extension":{},"message":"\u001b[90m> \u001b[39m     at ProxyTracer.startActiveSpan (/Users/ievak/happy-tomato/functions/node_modules/@opentelemetry/api/build/src/trace/ProxyTracer.js:36:24)"}}
[info] >      at EnabledTraceUtil.startActiveSpan (/Users/ievak/happy-tomato/functions/node_modules/@google-cloud/firestore/build/src/telemetry/enabled-trace-util.js:102:28) { {"user":"    at EnabledTraceUtil.startActiveSpan (/Users/ievak/happy-tomato/functions/node_modules/@google-cloud/firestore/build/src/telemetry/enabled-trace-util.js:102:28) {","metadata":{"emulator":{"name":"functions"},"function":{"name":"us-central1-sendDailyReminders"},"extension":{},"message":"\u001b[90m> \u001b[39m     at EnabledTraceUtil.startActiveSpan (/Users/ievak/happy-tomato/functions/node_modules/@google-cloud/firestore/build/src/telemetry/enabled-trace-util.js:102:28) {"}}
[info] >    code: 16, {"user":"  code: 16,","metadata":{"emulator":{"name":"functions"},"function":{"name":"us-central1-sendDailyReminders"},"extension":{},"message":"\u001b[90m> \u001b[39m   code: 16,"}}
[info] >    details: 'Request had invalid authentication credentials. Expected OAuth 2 access token, login cookie or other valid authentication credential. See https://developers.google.com/identity/sign-in/web/devconsole-project.', {"user":"  details: 'Request had invalid authentication credentials. Expected OAuth 2 access token, login cookie or other valid authentication credential. See https://developers.google.com/identity/sign-in/web/devconsole-project.',","metadata":{"emulator":{"name":"functions"},"function":{"name":"us-central1-sendDailyReminders"},"extension":{},"message":"\u001b[90m> \u001b[39m   details: 'Request had invalid authentication credentials. Expected OAuth 2 access token, login cookie or other valid authentication credential. See https://developers.google.com/identity/sign-in/web/devconsole-project.',"}}
[info] >    metadata: Metadata { {"user":"  metadata: Metadata {","metadata":{"emulator":{"name":"functions"},"function":{"name":"us-central1-sendDailyReminders"},"extension":{},"message":"\u001b[90m> \u001b[39m   metadata: Metadata {"}}
[info] >      internalRepr: Map(2) { {"user":"    internalRepr: Map(2) {","metadata":{"emulator":{"name":"functions"},"function":{"name":"us-central1-sendDailyReminders"},"extension":{},"message":"\u001b[90m> \u001b[39m     internalRepr: Map(2) {"}}
[info] >        'www-authenticate' => [Array], {"user":"      'www-authenticate' => [Array],","metadata":{"emulator":{"name":"functions"},"function":{"name":"us-central1-sendDailyReminders"},"extension":{},"message":"\u001b[90m> \u001b[39m       'www-authenticate' => [Array],"}}
[info] >        'x-debug-tracking-id' => [Array] {"user":"      'x-debug-tracking-id' => [Array]","metadata":{"emulator":{"name":"functions"},"function":{"name":"us-central1-sendDailyReminders"},"extension":{},"message":"\u001b[90m> \u001b[39m       'x-debug-tracking-id' => [Array]"}}
[info] >      }, {"user":"    },","metadata":{"emulator":{"name":"functions"},"function":{"name":"us-central1-sendDailyReminders"},"extension":{},"message":"\u001b[90m> \u001b[39m     },"}}
[info] >      opaqueData: Map(0) {}, {"user":"    opaqueData: Map(0) {},","metadata":{"emulator":{"name":"functions"},"function":{"name":"us-central1-sendDailyReminders"},"extension":{},"message":"\u001b[90m> \u001b[39m     opaqueData: Map(0) {},"}}
[info] >      options: {} {"user":"    options: {}","metadata":{"emulator":{"name":"functions"},"function":{"name":"us-central1-sendDailyReminders"},"extension":{},"message":"\u001b[90m> \u001b[39m     options: {}"}}
[info] >    } {"user":"  }","metadata":{"emulator":{"name":"functions"},"function":{"name":"us-central1-sendDailyReminders"},"extension":{},"message":"\u001b[90m> \u001b[39m   }"}}
[info] >  } {"user":"}","metadata":{"emulator":{"name":"functions"},"function":{"name":"us-central1-sendDailyReminders"},"extension":{},"message":"\u001b[90m> \u001b[39m }"}}
[debug] [2025-10-19T17:33:06.935Z] DEBUG: File /Users/ievak/happy-tomato/functions/index.js changed, reloading triggers
[debug] [2025-10-19T17:33:07.936Z] Validating nodejs source
[warn] ⚠  functions: package.json indicates an outdated version of firebase-functions. Please upgrade using npm install --save firebase-functions@latest in your functions directory. 
[warn] ⚠  functions: Please note that there will be breaking changes when you upgrade. 
[debug] [2025-10-19T17:33:08.784Z] > [functions] package.json contents: {
  "name": "functions",
  "description": "Cloud Functions for Firebase",
  "scripts": {
    "lint": "eslint .",
    "serve": "firebase emulators:start --only functions",
    "shell": "firebase functions:shell",
    "start": "npm run shell",
    "deploy": "firebase deploy --only functions",
    "logs": "firebase functions:log"
  },
  "engines": {
    "node": "18"
  },
  "main": "index.js",
  "dependencies": {
    "firebase-admin": "^12.0.0",
    "firebase-functions": "^5.0.0",
    "@emailjs/nodejs": "^4.0.0",
    "dayjs": "^1.11.10"
  },
  "devDependencies": {
    "eslint": "^8.15.0",
    "eslint-config-google": "^0.14.0",
    "firebase-functions-test": "^3.1.0"
  },
  "private": true
}
[debug] [2025-10-19T17:33:08.784Z] Building nodejs source
[debug] [2025-10-19T17:33:08.784Z] Failed to find version of module node: reached end of search path /Users/ievak/happy-tomato/functions/node_modules
[warn] ⚠  functions: Your requested "node" version "18" doesn't match your global version "20". Using node@20 from host. 
[debug] [2025-10-19T17:33:08.785Z] Could not find functions.yaml. Must use http discovery
[debug] [2025-10-19T17:33:08.786Z] Found firebase-functions binary at '/Users/ievak/happy-tomato/functions/node_modules/.bin/firebase-functions'
[info] Serving at port 8083

[debug] [2025-10-19T17:33:09.304Z] DEBUG: File /Users/ievak/happy-tomato/functions/index.js changed, reloading triggers
[debug] [2025-10-19T17:33:09.630Z] Got response from /__/functions.yaml {"endpoints":{"sendDailyReminders":{"platform":"gcfv1","availableMemoryMb":null,"timeoutSeconds":null,"minInstances":null,"maxInstances":null,"ingressSettings":null,"serviceAccountEmail":null,"vpc":null,"scheduleTrigger":{"schedule":"0 * * * *","retryConfig":{"retryCount":null,"maxDoublings":null,"maxRetryDuration":null,"maxBackoffDuration":null,"minBackoffDuration":null},"timeZone":""},"labels":{},"entryPoint":"sendDailyReminders"},"sendAdvanceReminders":{"platform":"gcfv1","availableMemoryMb":null,"timeoutSeconds":null,"minInstances":null,"maxInstances":null,"ingressSettings":null,"serviceAccountEmail":null,"vpc":null,"scheduleTrigger":{"schedule":"0 * * * *","retryConfig":{"retryCount":null,"maxDoublings":null,"maxRetryDuration":null,"maxBackoffDuration":null,"minBackoffDuration":null},"timeZone":"America/New_York"},"labels":{},"entryPoint":"sendAdvanceReminders"}},"specVersion":"v1alpha1","requiredAPIs":[{"api":"cloudscheduler.googleapis.com","reason":"Needed for scheduled functions."}],"extensions":{}}
[debug] [2025-10-19T17:33:10.305Z] Validating nodejs source
[warn] ⚠  functions: package.json indicates an outdated version of firebase-functions. Please upgrade using npm install --save firebase-functions@latest in your functions directory. 
[warn] ⚠  functions: Please note that there will be breaking changes when you upgrade. 
[debug] [2025-10-19T17:33:10.978Z] > [functions] package.json contents: {
  "name": "functions",
  "description": "Cloud Functions for Firebase",
  "scripts": {
    "lint": "eslint .",
    "serve": "firebase emulators:start --only functions",
    "shell": "firebase functions:shell",
    "start": "npm run shell",
    "deploy": "firebase deploy --only functions",
    "logs": "firebase functions:log"
  },
  "engines": {
    "node": "18"
  },
  "main": "index.js",
  "dependencies": {
    "firebase-admin": "^12.0.0",
    "firebase-functions": "^5.0.0",
    "@emailjs/nodejs": "^4.0.0",
    "dayjs": "^1.11.10"
  },
  "devDependencies": {
    "eslint": "^8.15.0",
    "eslint-config-google": "^0.14.0",
    "firebase-functions-test": "^3.1.0"
  },
  "private": true
}
[debug] [2025-10-19T17:33:10.979Z] Building nodejs source
[debug] [2025-10-19T17:33:10.979Z] Failed to find version of module node: reached end of search path /Users/ievak/happy-tomato/functions/node_modules
[warn] ⚠  functions: Your requested "node" version "18" doesn't match your global version "20". Using node@20 from host. 
[debug] [2025-10-19T17:33:10.979Z] Could not find functions.yaml. Must use http discovery
[debug] [2025-10-19T17:33:10.980Z] Found firebase-functions binary at '/Users/ievak/happy-tomato/functions/node_modules/.bin/firebase-functions'
[info] Serving at port 8263

[debug] [2025-10-19T17:33:11.463Z] Got response from /__/functions.yaml {"endpoints":{"sendDailyReminders":{"platform":"gcfv1","availableMemoryMb":null,"timeoutSeconds":null,"minInstances":null,"maxInstances":null,"ingressSettings":null,"serviceAccountEmail":null,"vpc":null,"scheduleTrigger":{"schedule":"0 * * * *","retryConfig":{"retryCount":null,"maxDoublings":null,"maxRetryDuration":null,"maxBackoffDuration":null,"minBackoffDuration":null},"timeZone":"\tEurope/Vilnius"},"labels":{},"entryPoint":"sendDailyReminders"},"sendAdvanceReminders":{"platform":"gcfv1","availableMemoryMb":null,"timeoutSeconds":null,"minInstances":null,"maxInstances":null,"ingressSettings":null,"serviceAccountEmail":null,"vpc":null,"scheduleTrigger":{"schedule":"0 * * * *","retryConfig":{"retryCount":null,"maxDoublings":null,"maxRetryDuration":null,"maxBackoffDuration":null,"minBackoffDuration":null},"timeZone":"America/New_York"},"labels":{},"entryPoint":"sendAdvanceReminders"}},"specVersion":"v1alpha1","requiredAPIs":[{"api":"cloudscheduler.googleapis.com","reason":"Needed for scheduled functions."}],"extensions":{}}
[debug] [2025-10-19T17:33:13.980Z] DEBUG: File /Users/ievak/happy-tomato/functions/index.js changed, reloading triggers
[debug] [2025-10-19T17:33:14.647Z] [functions] Loaded functions definitions from source: sendDailyReminders, sendAdvanceReminders.
[debug] [2025-10-19T17:33:14.647Z] DEBUG: [worker-pool] Shutting down IDLE worker (us-central1-sendDailyReminders)
[debug] [2025-10-19T17:33:14.647Z] DEBUG: [worker-us-central1-sendDailyReminders-e3d0dabd-01b9-439a-a365-cad165976ef8]: FINISHING
[debug] [2025-10-19T17:33:14.657Z] DEBUG: [worker-us-central1-sendDailyReminders-e3d0dabd-01b9-439a-a365-cad165976ef8]: exited
[debug] [2025-10-19T17:33:14.657Z] DEBUG: [worker-us-central1-sendDailyReminders-e3d0dabd-01b9-439a-a365-cad165976ef8]: FINISHED
[debug] [2025-10-19T17:33:14.981Z] Validating nodejs source
[warn] ⚠  functions: package.json indicates an outdated version of firebase-functions. Please upgrade using npm install --save firebase-functions@latest in your functions directory. 
[warn] ⚠  functions: Please note that there will be breaking changes when you upgrade. 
[debug] [2025-10-19T17:33:16.321Z] > [functions] package.json contents: {
  "name": "functions",
  "description": "Cloud Functions for Firebase",
  "scripts": {
    "lint": "eslint .",
    "serve": "firebase emulators:start --only functions",
    "shell": "firebase functions:shell",
    "start": "npm run shell",
    "deploy": "firebase deploy --only functions",
    "logs": "firebase functions:log"
  },
  "engines": {
    "node": "18"
  },
  "main": "index.js",
  "dependencies": {
    "firebase-admin": "^12.0.0",
    "firebase-functions": "^5.0.0",
    "@emailjs/nodejs": "^4.0.0",
    "dayjs": "^1.11.10"
  },
  "devDependencies": {
    "eslint": "^8.15.0",
    "eslint-config-google": "^0.14.0",
    "firebase-functions-test": "^3.1.0"
  },
  "private": true
}
[debug] [2025-10-19T17:33:16.321Z] Building nodejs source
[debug] [2025-10-19T17:33:16.321Z] Failed to find version of module node: reached end of search path /Users/ievak/happy-tomato/functions/node_modules
[warn] ⚠  functions: Your requested "node" version "18" doesn't match your global version "20". Using node@20 from host. 
[debug] [2025-10-19T17:33:16.322Z] Could not find functions.yaml. Must use http discovery
[debug] [2025-10-19T17:33:16.322Z] Found firebase-functions binary at '/Users/ievak/happy-tomato/functions/node_modules/.bin/firebase-functions'
[debug] [2025-10-19T17:33:16.491Z] [functions] Loaded functions definitions from source: sendDailyReminders, sendAdvanceReminders.
[info] Serving at port 8666

[debug] [2025-10-19T17:33:16.864Z] Got response from /__/functions.yaml {"endpoints":{"sendDailyReminders":{"platform":"gcfv1","availableMemoryMb":null,"timeoutSeconds":null,"minInstances":null,"maxInstances":null,"ingressSettings":null,"serviceAccountEmail":null,"vpc":null,"scheduleTrigger":{"schedule":"0 * * * *","retryConfig":{"retryCount":null,"maxDoublings":null,"maxRetryDuration":null,"maxBackoffDuration":null,"minBackoffDuration":null},"timeZone":"Europe/Vilnius"},"labels":{},"entryPoint":"sendDailyReminders"},"sendAdvanceReminders":{"platform":"gcfv1","availableMemoryMb":null,"timeoutSeconds":null,"minInstances":null,"maxInstances":null,"ingressSettings":null,"serviceAccountEmail":null,"vpc":null,"scheduleTrigger":{"schedule":"0 * * * *","retryConfig":{"retryCount":null,"maxDoublings":null,"maxRetryDuration":null,"maxBackoffDuration":null,"minBackoffDuration":null},"timeZone":"America/New_York"},"labels":{},"entryPoint":"sendAdvanceReminders"}},"specVersion":"v1alpha1","requiredAPIs":[{"api":"cloudscheduler.googleapis.com","reason":"Needed for scheduled functions."}],"extensions":{}}
[debug] [2025-10-19T17:33:21.881Z] [functions] Loaded functions definitions from source: sendDailyReminders, sendAdvanceReminders.
